
===========================================================================
report_checks -unconstrained
===========================================================================
======================= Typical Corner ===================================

Startpoint: select (clock source 'select')
Endpoint: out (output port clocked by select)
Path Group: select
Path Type: max

Fanout     Cap    Slew   Delay    Time   Description
-----------------------------------------------------------------------------
                  0.15    5.00    5.00   clock select (fall edge)
                  0.01    0.01    5.01 v select (in)
     1    0.00                           select (net)
                  0.01    0.00    5.01 v _458_/S (sky130_fd_sc_hd__mux2_2)
                  0.04    0.20    5.21 ^ _458_/X (sky130_fd_sc_hd__mux2_2)
     1    0.00                           _250_ (net)
                  0.04    0.00    5.21 ^ _459_/A (sky130_fd_sc_hd__buf_1)
                  0.40    0.34    5.55 ^ _459_/X (sky130_fd_sc_hd__buf_1)
     1    0.03                           out (net)
                  0.40    0.00    5.55 ^ out (out)
                                  5.55   data arrival time

                  0.15   10.00   10.00   clock select (rise edge)
                          0.00   10.00   clock network delay (ideal)
                         -0.25    9.75   clock uncertainty
                          0.00    9.75   clock reconvergence pessimism
                         -2.00    7.75   output external delay
                                  7.75   data required time
-----------------------------------------------------------------------------
                                  7.75   data required time
                                 -5.55   data arrival time
-----------------------------------------------------------------------------
                                  2.20   slack (MET)




===========================================================================
report_checks --slack_max -0.01
============================================================================
======================= Typical Corner ===================================

No paths found.


===========================================================================
 report_check_types -max_slew -max_cap -max_fanout -violators
============================================================================
======================= Typical Corner ===================================

max fanout

Pin                                   Limit Fanout  Slack
---------------------------------------------------------
SCK                                      10     46    -36 (VIOLATED)



===========================================================================
report_parasitic_annotation -report_unannotated
============================================================================
Found 311 unannotated drivers.
 CSB
 RST
 SCK
 SDI
 mask_rev_in[0]
 mask_rev_in[1]
 mask_rev_in[2]
 mask_rev_in[3]
 select
 trap
 _254_/X
 _255_/X
 _256_/X
 _257_/Y
 _258_/X
 _259_/X
 _260_/X
 _261_/X
 _262_/Y
 _263_/X
 _264_/X
 _265_/Y
 _266_/X
 _267_/X
 _268_/Y
 _269_/X
 _270_/Y
 _271_/X
 _272_/X
 _273_/Y
 _274_/X
 _275_/X
 _276_/X
 _277_/X
 _278_/X
 _279_/X
 _280_/X
 _281_/X
 _282_/X
 _283_/X
 _284_/X
 _285_/X
 _286_/X
 _287_/X
 _288_/X
 _289_/X
 _290_/X
 _291_/X
 _292_/X
 _293_/X
 _294_/X
 _295_/Y
 _296_/X
 _297_/Y
 _298_/X
 _299_/X
 _300_/X
 _301_/X
 _302_/X
 _303_/Y
 _304_/X
 _305_/Y
 _306_/Y
 _307_/Y
 _308_/X
 _309_/Y
 _310_/X
 _311_/X
 _312_/X
 _313_/X
 _314_/X
 _315_/X
 _316_/Y
 _317_/Y
 _318_/X
 _319_/X
 _320_/Y
 _321_/X
 _322_/Y
 _323_/X
 _324_/X
 _325_/Y
 _326_/Y
 _327_/Y
 _328_/Y
 _329_/Y
 _330_/X
 _331_/X
 _332_/X
 _333_/Y
 _334_/X
 _335_/X
 _336_/X
 _337_/X
 _338_/Y
 _339_/X
 _340_/X
 _341_/X
 _342_/X
 _343_/Y
 _344_/X
 _345_/X
 _346_/X
 _347_/Y
 _348_/Y
 _349_/X
 _350_/X
 _351_/X
 _352_/X
 _353_/X
 _354_/X
 _355_/Y
 _356_/X
 _357_/X
 _358_/X
 _359_/Y
 _360_/X
 _361_/X
 _362_/X
 _363_/X
 _364_/Y
 _365_/Y
 _366_/X
 _367_/X
 _368_/X
 _369_/X
 _370_/X
 _371_/X
 _372_/X
 _373_/Y
 _374_/X
 _375_/X
 _376_/Y
 _377_/Y
 _378_/Y
 _379_/X
 _380_/X
 _381_/Y
 _382_/X
 _383_/X
 _384_/X
 _385_/X
 _386_/Y
 _387_/X
 _388_/Y
 _389_/Y
 _390_/X
 _391_/X
 _392_/Y
 _393_/X
 _394_/X
 _395_/X
 _396_/Y
 _397_/X
 _398_/X
 _399_/X
 _400_/X
 _401_/Y
 _402_/X
 _403_/X
 _404_/X
 _405_/X
 _406_/Y
 _407_/X
 _408_/X
 _409_/Y
 _410_/Y
 _411_/X
 _412_/X
 _413_/X
 _414_/Y
 _415_/X
 _416_/X
 _417_/Y
 _418_/X
 _419_/X
 _420_/Y
 _421_/X
 _422_/Y
 _423_/Y
 _424_/X
 _425_/Y
 _426_/Y
 _427_/Y
 _428_/X
 _429_/X
 _430_/X
 _431_/Y
 _432_/X
 _433_/X
 _434_/X
 _435_/X
 _436_/X
 _437_/X
 _438_/X
 _439_/X
 _440_/X
 _441_/X
 _442_/X
 _443_/X
 _444_/X
 _445_/X
 _446_/X
 _447_/X
 _448_/X
 _449_/X
 _450_/Y
 _451_/X
 _452_/Y
 _453_/X
 _454_/X
 _455_/X
 _456_/X
 _457_/X
 _458_/X
 _459_/X
 _460_/Y
 _461_/X
 _462_/Y
 _463_/Y
 _464_/Y
 _465_/Y
 _466_/Y
 _467_/Y
 _468_/Y
 _469_/Y
 _470_/Y
 _471_/Y
 _472_/Y
 _473_/X
 _474_/Y
 _475_/Y
 _476_/Y
 _477_/Y
 _478_/Y
 _479_/Y
 _480_/Y
 _481_/Y
 _482_/Y
 _483_/Y
 _484_/Y
 _485_/X
 _486_/Y
 _487_/Y
 _488_/Y
 _489_/Y
 _490_/Y
 _491_/Y
 _492_/Y
 _493_/Y
 _494_/Y
 _495_/Y
 _496_/Y
 _497_/Y
 _498_/Y
 _499_/Y
 _500_/Y
 _501_/Y
 _502_/Y
 _503_/Y
 _504_/Y
 _505_/Y
 _506_/Y
 _507_/Y
 _508_/Y
 _509_/Q
 _510_/Q
 _511_/Q
 _512_/Q
 _513_/Q
 _514_/Q
 _515_/Q
 _516_/Q
 _517_/Q
 _518_/Q
 _519_/Q
 _520_/Q
 _521_/Q
 _522_/Q
 _523_/Q
 _524_/Q
 _525_/Q
 _526_/Q
 _527_/Q
 _528_/Q
 _529_/Q
 _530_/Q
 _531_/Q
 _532_/Q
 _533_/Q
 _534_/Q
 _535_/Q
 _536_/Q
 _537_/Q
 _538_/Q
 _539_/Q
 _540_/Q
 _541_/Q
 _542_/Q
 _543_/Q
 _544_/Q
 _545_/Q
 _546_/Q
 _547_/Q
 _548_/Q
 _549_/Q
 _550_/Q
 _551_/Q
 _552_/Q
 _553_/Q
 _554_/Q
Found 0 partially unannotated drivers.

===========================================================================
max slew violation count 0
max fanout violation count 1
max cap violation count 0
============================================================================

===========================================================================
check_setup -verbose -unconstrained_endpoints -multiple_clock -no_clock -no_input_delay -loops -generated_clocks
===========================================================================
Warning: There are 46 unclocked register/latch pins.
  _509_/CLK
  _510_/CLK
  _511_/CLK
  _512_/CLK
  _513_/CLK
  _514_/CLK
  _515_/CLK
  _516_/CLK
  _517_/CLK
  _518_/CLK
  _519_/CLK
  _520_/CLK
  _521_/CLK
  _522_/CLK
  _523_/CLK
  _524_/CLK
  _525_/CLK
  _526_/CLK
  _527_/CLK
  _528_/CLK
  _529_/CLK
  _530_/CLK
  _531_/CLK
  _532_/CLK
  _533_/CLK
  _534_/CLK
  _535_/CLK
  _536_/CLK
  _537_/CLK
  _538_/CLK
  _539_/CLK
  _540_/CLK
  _541_/CLK
  _542_/CLK
  _543_/CLK
  _544_/CLK
  _545_/CLK
  _546_/CLK
  _547_/CLK
  _548_/CLK
  _549_/CLK
  _550_/CLK
  _551_/CLK
  _552_/CLK
  _553_/CLK
  _554_/CLK
Warning: There are 46 unconstrained endpoints.
  _509_/D
  _510_/D
  _511_/D
  _512_/D
  _513_/D
  _514_/D
  _515_/D
  _516_/D
  _517_/D
  _518_/D
  _519_/D
  _520_/D
  _521_/D
  _522_/D
  _523_/D
  _524_/D
  _525_/D
  _526_/D
  _527_/D
  _528_/D
  _529_/D
  _530_/D
  _531_/D
  _532_/D
  _533_/D
  _534_/D
  _535_/D
  _536_/D
  _537_/D
  _538_/D
  _539_/D
  _540_/D
  _541_/D
  _542_/D
  _543_/D
  _544_/D
  _545_/D
  _546_/D
  _547_/D
  _548_/D
  _549_/D
  _550_/D
  _551_/D
  _552_/D
  _553_/D
  _554_/D
