
===========================================================================
report_checks -path_delay max (Setup)
============================================================================
======================= Fastest Corner ===================================

Startpoint: select (clock source 'select')
Endpoint: out (output port clocked by select)
Path Group: select
Path Type: max
Corner: Fastest

Fanout     Cap    Slew   Delay    Time   Description
-----------------------------------------------------------------------------
                          5.00    5.00   clock select (fall edge)
                          0.00    5.00   clock source latency
                  0.01    0.00    5.00 v select (in)
     1    0.01                           select (net)
                  0.01    0.00    5.00 v _458_/S (sky130_fd_sc_hd__mux2_2)
                  0.03    0.14    5.14 ^ _458_/X (sky130_fd_sc_hd__mux2_2)
     1    0.00                           _250_ (net)
                  0.03    0.00    5.14 ^ _459_/A (sky130_fd_sc_hd__buf_1)
                  0.07    0.08    5.22 ^ _459_/X (sky130_fd_sc_hd__buf_1)
     1    0.01                           net10 (net)
                  0.07    0.00    5.22 ^ output10/A (sky130_fd_sc_hd__buf_1)
                  0.30    0.25    5.48 ^ output10/X (sky130_fd_sc_hd__buf_1)
     1    0.03                           out (net)
                  0.30    0.00    5.48 ^ out (out)
                                  5.48   data arrival time

                         10.00   10.00   clock select (rise edge)
                          0.00   10.00   clock network delay (propagated)
                         -0.25    9.75   clock uncertainty
                          0.00    9.75   clock reconvergence pessimism
                         -2.00    7.75   output external delay
                                  7.75   data required time
-----------------------------------------------------------------------------
                                  7.75   data required time
                                 -5.48   data arrival time
-----------------------------------------------------------------------------
                                  2.27   slack (MET)



======================= Slowest Corner ===================================

Startpoint: select (clock source 'select')
Endpoint: out (output port clocked by select)
Path Group: select
Path Type: max
Corner: Slowest

Fanout     Cap    Slew   Delay    Time   Description
-----------------------------------------------------------------------------
                          5.00    5.00   clock select (fall edge)
                          0.00    5.00   clock source latency
                  0.03    0.02    5.02 v select (in)
     1    0.00                           select (net)
                  0.03    0.00    5.02 v _458_/S (sky130_fd_sc_hd__mux2_2)
                  0.07    0.42    5.44 ^ _458_/X (sky130_fd_sc_hd__mux2_2)
     1    0.00                           _250_ (net)
                  0.07    0.00    5.44 ^ _459_/A (sky130_fd_sc_hd__buf_1)
                  0.15    0.22    5.66 ^ _459_/X (sky130_fd_sc_hd__buf_1)
     1    0.01                           net10 (net)
                  0.15    0.00    5.66 ^ output10/A (sky130_fd_sc_hd__buf_1)
                  0.64    0.63    6.29 ^ output10/X (sky130_fd_sc_hd__buf_1)
     1    0.03                           out (net)
                  0.64    0.00    6.29 ^ out (out)
                                  6.29   data arrival time

                         10.00   10.00   clock select (rise edge)
                          0.00   10.00   clock network delay (propagated)
                         -0.25    9.75   clock uncertainty
                          0.00    9.75   clock reconvergence pessimism
                         -2.00    7.75   output external delay
                                  7.75   data required time
-----------------------------------------------------------------------------
                                  7.75   data required time
                                 -6.29   data arrival time
-----------------------------------------------------------------------------
                                  1.46   slack (MET)



======================= Typical Corner ===================================

Startpoint: select (clock source 'select')
Endpoint: out (output port clocked by select)
Path Group: select
Path Type: max
Corner: Typical

Fanout     Cap    Slew   Delay    Time   Description
-----------------------------------------------------------------------------
                          5.00    5.00   clock select (fall edge)
                          0.00    5.00   clock source latency
                  0.01    0.01    5.01 v select (in)
     1    0.00                           select (net)
                  0.01    0.00    5.01 v _458_/S (sky130_fd_sc_hd__mux2_2)
                  0.04    0.21    5.22 ^ _458_/X (sky130_fd_sc_hd__mux2_2)
     1    0.00                           _250_ (net)
                  0.04    0.00    5.22 ^ _459_/A (sky130_fd_sc_hd__buf_1)
                  0.10    0.12    5.34 ^ _459_/X (sky130_fd_sc_hd__buf_1)
     1    0.01                           net10 (net)
                  0.10    0.00    5.34 ^ output10/A (sky130_fd_sc_hd__buf_1)
                  0.40    0.36    5.70 ^ output10/X (sky130_fd_sc_hd__buf_1)
     1    0.03                           out (net)
                  0.40    0.00    5.70 ^ out (out)
                                  5.70   data arrival time

                         10.00   10.00   clock select (rise edge)
                          0.00   10.00   clock network delay (propagated)
                         -0.25    9.75   clock uncertainty
                          0.00    9.75   clock reconvergence pessimism
                         -2.00    7.75   output external delay
                                  7.75   data required time
-----------------------------------------------------------------------------
                                  7.75   data required time
                                 -5.70   data arrival time
-----------------------------------------------------------------------------
                                  2.05   slack (MET)



